"Stock Symbol","Count","Acquire Date","Purchase Price In Currency","Purchase Price In Lev"
"AMD","0.57272042","2020-09-25","43.18","72.60"
"AMD","110","2020-10-06","9561.42","15854.65"
"AMD","0.44385641","2020-10-06","38.58","63.97"
"NVDA","16","2020-11-09","9318.24","15336.98"
"VTRS","5","2020-11-20","0.00","0.00"
"TST","15","2020-12-31","750.00","1195.40"
